<?php
return [
    'foo' => 123,
    'user' => 'gabriel',
];