<?php
return [
    'foo' => 'bar',
    'baz' => 123,
];